Category: 央视频道, Name: CCTV-1, Total: 80, Valid: 20, Valid Percent: 25.00%, Whitelist: 0, IPv4: 20, IPv6: 60, Min Delay: 152 ms, Max Speed: 7.35 M/s, Avg Speed: 4.31 M/s, Max Resolution: 1920x1080
Category: 央视频道, Name: CCTV-2, Total: 77, Valid: 15, Valid Percent: 19.48%, Whitelist: 0, IPv4: 15, IPv6: 62, Min Delay: 131 ms, Max Speed: 7.16 M/s, Avg Speed: 6.18 M/s, Max Resolution: 1920x1080
Category: 央视频道, Name: CCTV-3, Total: 77, Valid: 8, Valid Percent: 10.39%, Whitelist: 0, IPv4: 8, IPv6: 69, Min Delay: 119 ms, Max Speed: 8.22 M/s, Avg Speed: 7.10 M/s, Max Resolution: 1920x1080
Category: 央视频道, Name: CCTV-4, Total: 167, Valid: 17, Valid Percent: 10.18%, Whitelist: 0, IPv4: 17, IPv6: 150, Min Delay: 118 ms, Max Speed: 8.08 M/s, Avg Speed: 6.60 M/s, Max Resolution: 1920x1080
Category: 央视频道, Name: CCTV-5, Total: 143, Valid: 14, Valid Percent: 9.79%, Whitelist: 0, IPv4: 14, IPv6: 129, Min Delay: 110 ms, Max Speed: 8.30 M/s, Avg Speed: 7.16 M/s, Max Resolution: 1920x1080
Category: 央视频道, Name: CCTV-5+, Total: 17, Valid: 4, Valid Percent: 23.53%, Whitelist: 0, IPv4: 4, IPv6: 13, Min Delay: 113 ms, Max Speed: 8.08 M/s, Avg Speed: 7.53 M/s, Max Resolution: 1920x1080
Category: 央视频道, Name: CCTV-6, Total: 76, Valid: 14, Valid Percent: 18.42%, Whitelist: 0, IPv4: 14, IPv6: 62, Min Delay: 126 ms, Max Speed: 7.98 M/s, Avg Speed: 7.01 M/s, Max Resolution: 1920x1080
Category: 央视频道, Name: CCTV-7, Total: 66, Valid: 11, Valid Percent: 16.67%, Whitelist: 0, IPv4: 11, IPv6: 55, Min Delay: 133 ms, Max Speed: 7.80 M/s, Avg Speed: 6.60 M/s, Max Resolution: 1920x1080
Category: 央视频道, Name: CCTV-8, Total: 75, Valid: 16, Valid Percent: 21.33%, Whitelist: 0, IPv4: 16, IPv6: 59, Min Delay: 131 ms, Max Speed: 8.31 M/s, Avg Speed: 6.94 M/s, Max Resolution: 1920x1080
Category: 央视频道, Name: CCTV-9, Total: 65, Valid: 8, Valid Percent: 12.31%, Whitelist: 0, IPv4: 8, IPv6: 57, Min Delay: 124 ms, Max Speed: 7.53 M/s, Avg Speed: 6.78 M/s, Max Resolution: 1920x1080
Category: 央视频道, Name: CCTV-10, Total: 78, Valid: 11, Valid Percent: 14.10%, Whitelist: 0, IPv4: 11, IPv6: 67, Min Delay: 122 ms, Max Speed: 8.00 M/s, Avg Speed: 7.08 M/s, Max Resolution: 1920x1080
Category: 央视频道, Name: CCTV-11, Total: 77, Valid: 8, Valid Percent: 10.39%, Whitelist: 0, IPv4: 8, IPv6: 69, Min Delay: 135 ms, Max Speed: 8.85 M/s, Avg Speed: 6.92 M/s, Max Resolution: 1920x1080
Category: 央视频道, Name: CCTV-12, Total: 81, Valid: 9, Valid Percent: 11.11%, Whitelist: 0, IPv4: 9, IPv6: 72, Min Delay: 131 ms, Max Speed: 7.46 M/s, Avg Speed: 6.82 M/s, Max Resolution: 1920x1080
Category: 央视频道, Name: CCTV-13, Total: 96, Valid: 16, Valid Percent: 16.67%, Whitelist: 0, IPv4: 16, IPv6: 80, Min Delay: 119 ms, Max Speed: 7.83 M/s, Avg Speed: 6.71 M/s, Max Resolution: 1920x1080
Category: 央视频道, Name: CCTV-14, Total: 77, Valid: 7, Valid Percent: 9.09%, Whitelist: 0, IPv4: 7, IPv6: 70, Min Delay: 129 ms, Max Speed: 7.24 M/s, Avg Speed: 6.77 M/s, Max Resolution: 1920x1080
Category: 央视频道, Name: CCTV-15, Total: 76, Valid: 7, Valid Percent: 9.21%, Whitelist: 0, IPv4: 7, IPv6: 69, Min Delay: 135 ms, Max Speed: 7.62 M/s, Avg Speed: 7.11 M/s, Max Resolution: 1920x1080
Category: 央视频道, Name: CCTV-16, Total: 25, Valid: 4, Valid Percent: 16.00%, Whitelist: 0, IPv4: 4, IPv6: 21, Min Delay: 141 ms, Max Speed: 7.59 M/s, Avg Speed: 5.64 M/s, Max Resolution: 1920x1080
Category: 央视频道, Name: CCTV-17, Total: 73, Valid: 9, Valid Percent: 12.33%, Whitelist: 0, IPv4: 9, IPv6: 64, Min Delay: 131 ms, Max Speed: 7.73 M/s, Avg Speed: 6.63 M/s, Max Resolution: 1920x1080
Category: 央视频道, Name: CETV-1, Total: 60, Valid: 3, Valid Percent: 5.00%, Whitelist: 0, IPv4: 3, IPv6: 57, Min Delay: 114 ms, Max Speed: 8.33 M/s, Avg Speed: 5.08 M/s, Max Resolution: 1920x1080
Category: 央视频道, Name: CETV-2, Total: 56, Valid: 2, Valid Percent: 3.57%, Whitelist: 0, IPv4: 2, IPv6: 54, Min Delay: 149 ms, Max Speed: 7.20 M/s, Avg Speed: 6.92 M/s, Max Resolution: 1920x1080
Category: 央视频道, Name: CETV-3, Total: 6, Valid: 0, Valid Percent: 0.00%, Whitelist: 0, IPv4: 0, IPv6: 6, Min Delay: -1 ms, Max Speed: 0.00 M/s, Avg Speed: 0.00 M/s, Max Resolution: None
Category: 央视频道, Name: CETV-4, Total: 56, Valid: 2, Valid Percent: 3.57%, Whitelist: 0, IPv4: 2, IPv6: 54, Min Delay: 131 ms, Max Speed: 7.34 M/s, Avg Speed: 6.94 M/s, Max Resolution: 1920x1080
Category: 央视付费频道, Name: 文化精品, Total: 2, Valid: 0, Valid Percent: 0.00%, Whitelist: 0, IPv4: 0, IPv6: 2, Min Delay: -1 ms, Max Speed: 0.00 M/s, Avg Speed: 0.00 M/s, Max Resolution: None
Category: 央视付费频道, Name: 央视台球, Total: 3, Valid: 0, Valid Percent: 0.00%, Whitelist: 0, IPv4: 0, IPv6: 3, Min Delay: -1 ms, Max Speed: 0.00 M/s, Avg Speed: 0.00 M/s, Max Resolution: None
Category: 央视付费频道, Name: 风云音乐, Total: 3, Valid: 1, Valid Percent: 33.33%, Whitelist: 0, IPv4: 1, IPv6: 2, Min Delay: 478 ms, Max Speed: 0.03 M/s, Avg Speed: 0.03 M/s, Max Resolution: 1920x1080
Category: 央视付费频道, Name: 第一剧场, Total: 6, Valid: 0, Valid Percent: 0.00%, Whitelist: 0, IPv4: 0, IPv6: 6, Min Delay: -1 ms, Max Speed: 0.00 M/s, Avg Speed: 0.00 M/s, Max Resolution: None
Category: 央视付费频道, Name: 风云剧场, Total: 2, Valid: 0, Valid Percent: 0.00%, Whitelist: 0, IPv4: 0, IPv6: 2, Min Delay: -1 ms, Max Speed: 0.00 M/s, Avg Speed: 0.00 M/s, Max Resolution: None
Category: 央视付费频道, Name: 怀旧剧场, Total: 2, Valid: 0, Valid Percent: 0.00%, Whitelist: 0, IPv4: 0, IPv6: 2, Min Delay: -1 ms, Max Speed: 0.00 M/s, Avg Speed: 0.00 M/s, Max Resolution: None
Category: 央视付费频道, Name: 女性时尚, Total: 2, Valid: 1, Valid Percent: 50.00%, Whitelist: 0, IPv4: 1, IPv6: 1, Min Delay: 290 ms, Max Speed: 13.57 M/s, Avg Speed: 13.57 M/s, Max Resolution: 1920x1080
Category: 央视付费频道, Name: 高尔夫网球, Total: 3, Valid: 1, Valid Percent: 33.33%, Whitelist: 0, IPv4: 1, IPv6: 2, Min Delay: 577 ms, Max Speed: 9.09 M/s, Avg Speed: 9.09 M/s, Max Resolution: 1920x1080
Category: 央视付费频道, Name: 风云足球, Total: 5, Valid: 1, Valid Percent: 20.00%, Whitelist: 0, IPv4: 1, IPv6: 4, Min Delay: 272 ms, Max Speed: 13.88 M/s, Avg Speed: 13.88 M/s, Max Resolution: 1920x1080
Category: 央视付费频道, Name: 电视指南, Total: 3, Valid: 2, Valid Percent: 66.67%, Whitelist: 0, IPv4: 2, IPv6: 1, Min Delay: 464 ms, Max Speed: 8.47 M/s, Avg Speed: 4.24 M/s, Max Resolution: 1920x1080
Category: 央视付费频道, Name: 世界地理, Total: 1, Valid: 1, Valid Percent: 100.00%, Whitelist: 0, IPv4: 1, IPv6: 0, Min Delay: 258 ms, Max Speed: 12.63 M/s, Avg Speed: 12.63 M/s, Max Resolution: 1920x1080
Category: 央视付费频道, Name: 兵器科技, Total: 3, Valid: 1, Valid Percent: 33.33%, Whitelist: 0, IPv4: 1, IPv6: 2, Min Delay: 504 ms, Max Speed: 0.04 M/s, Avg Speed: 0.04 M/s, Max Resolution: 1920x1080
Category: 卫视频道, Name: 广东卫视, Total: 80, Valid: 7, Valid Percent: 8.75%, Whitelist: 0, IPv4: 7, IPv6: 73, Min Delay: 40 ms, Max Speed: 8.36 M/s, Avg Speed: 6.63 M/s, Max Resolution: 1920x1080
Category: 卫视频道, Name: 香港卫视, Total: 12, Valid: 0, Valid Percent: 0.00%, Whitelist: 0, IPv4: 0, IPv6: 12, Min Delay: -1 ms, Max Speed: 0.00 M/s, Avg Speed: 0.00 M/s, Max Resolution: None
Category: 卫视频道, Name: 浙江卫视, Total: 128, Valid: 17, Valid Percent: 13.28%, Whitelist: 0, IPv4: 17, IPv6: 111, Min Delay: 119 ms, Max Speed: 7.92 M/s, Avg Speed: 6.78 M/s, Max Resolution: 1920x1080
Category: 卫视频道, Name: 湖南卫视, Total: 91, Valid: 9, Valid Percent: 9.89%, Whitelist: 0, IPv4: 9, IPv6: 82, Min Delay: 49 ms, Max Speed: 8.47 M/s, Avg Speed: 5.95 M/s, Max Resolution: 3840x2160
Category: 卫视频道, Name: 北京卫视, Total: 88, Valid: 8, Valid Percent: 9.09%, Whitelist: 0, IPv4: 8, IPv6: 80, Min Delay: 31 ms, Max Speed: 8.32 M/s, Avg Speed: 6.99 M/s, Max Resolution: 1920x1080
Category: 卫视频道, Name: 湖北卫视, Total: 72, Valid: 5, Valid Percent: 6.94%, Whitelist: 0, IPv4: 5, IPv6: 67, Min Delay: 31 ms, Max Speed: 8.15 M/s, Avg Speed: 6.50 M/s, Max Resolution: 1920x1080
Category: 卫视频道, Name: 黑龙江卫视, Total: 28, Valid: 6, Valid Percent: 21.43%, Whitelist: 0, IPv4: 6, IPv6: 22, Min Delay: 41 ms, Max Speed: 8.13 M/s, Avg Speed: 6.98 M/s, Max Resolution: 1920x1080
Category: 卫视频道, Name: 安徽卫视, Total: 25, Valid: 4, Valid Percent: 16.00%, Whitelist: 0, IPv4: 4, IPv6: 21, Min Delay: 34 ms, Max Speed: 7.84 M/s, Avg Speed: 6.11 M/s, Max Resolution: 1920x1080
Category: 卫视频道, Name: 重庆卫视, Total: 23, Valid: 4, Valid Percent: 17.39%, Whitelist: 0, IPv4: 4, IPv6: 19, Min Delay: 39 ms, Max Speed: 7.92 M/s, Avg Speed: 5.72 M/s, Max Resolution: 1920x1080
Category: 卫视频道, Name: 东方卫视, Total: 86, Valid: 7, Valid Percent: 8.14%, Whitelist: 0, IPv4: 7, IPv6: 79, Min Delay: 114 ms, Max Speed: 8.03 M/s, Avg Speed: 7.33 M/s, Max Resolution: 1920x1080
Category: 卫视频道, Name: 东南卫视, Total: 28, Valid: 5, Valid Percent: 17.86%, Whitelist: 0, IPv4: 5, IPv6: 23, Min Delay: 41 ms, Max Speed: 8.38 M/s, Avg Speed: 6.75 M/s, Max Resolution: 1920x1080
Category: 卫视频道, Name: 甘肃卫视, Total: 25, Valid: 4, Valid Percent: 16.00%, Whitelist: 0, IPv4: 4, IPv6: 21, Min Delay: 41 ms, Max Speed: 8.42 M/s, Avg Speed: 6.55 M/s, Max Resolution: 1920x1080
Category: 卫视频道, Name: 广西卫视, Total: 27, Valid: 4, Valid Percent: 14.81%, Whitelist: 0, IPv4: 4, IPv6: 23, Min Delay: 117 ms, Max Speed: 7.77 M/s, Avg Speed: 5.73 M/s, Max Resolution: 1920x1080
Category: 卫视频道, Name: 贵州卫视, Total: 28, Valid: 7, Valid Percent: 25.00%, Whitelist: 0, IPv4: 7, IPv6: 21, Min Delay: 41 ms, Max Speed: 8.28 M/s, Avg Speed: 6.43 M/s, Max Resolution: 1920x1080
Category: 卫视频道, Name: 海南卫视, Total: 117, Valid: 6, Valid Percent: 5.13%, Whitelist: 0, IPv4: 6, IPv6: 111, Min Delay: 39 ms, Max Speed: 8.16 M/s, Avg Speed: 6.93 M/s, Max Resolution: 1920x1080
Category: 卫视频道, Name: 河北卫视, Total: 29, Valid: 7, Valid Percent: 24.14%, Whitelist: 0, IPv4: 7, IPv6: 22, Min Delay: 122 ms, Max Speed: 8.41 M/s, Avg Speed: 6.84 M/s, Max Resolution: 1920x1080
Category: 卫视频道, Name: 河南卫视, Total: 80, Valid: 8, Valid Percent: 10.00%, Whitelist: 0, IPv4: 8, IPv6: 72, Min Delay: 49 ms, Max Speed: 8.14 M/s, Avg Speed: 6.77 M/s, Max Resolution: 1920x1080
Category: 卫视频道, Name: 吉林卫视, Total: 74, Valid: 10, Valid Percent: 13.51%, Whitelist: 0, IPv4: 10, IPv6: 64, Min Delay: 121 ms, Max Speed: 14.63 M/s, Avg Speed: 8.01 M/s, Max Resolution: 1920x1080
Category: 卫视频道, Name: 江苏卫视, Total: 79, Valid: 11, Valid Percent: 13.92%, Whitelist: 0, IPv4: 11, IPv6: 68, Min Delay: 118 ms, Max Speed: 11.73 M/s, Avg Speed: 8.09 M/s, Max Resolution: 1920x1080
Category: 卫视频道, Name: 江西卫视, Total: 75, Valid: 7, Valid Percent: 9.33%, Whitelist: 0, IPv4: 7, IPv6: 68, Min Delay: 48 ms, Max Speed: 8.40 M/s, Avg Speed: 6.98 M/s, Max Resolution: 1920x1080
Category: 卫视频道, Name: 辽宁卫视, Total: 71, Valid: 4, Valid Percent: 5.63%, Whitelist: 0, IPv4: 4, IPv6: 67, Min Delay: 119 ms, Max Speed: 8.10 M/s, Avg Speed: 7.78 M/s, Max Resolution: 1920x1080
Category: 卫视频道, Name: 内蒙古卫视, Total: 69, Valid: 5, Valid Percent: 7.25%, Whitelist: 0, IPv4: 5, IPv6: 64, Min Delay: 44 ms, Max Speed: 8.04 M/s, Avg Speed: 6.62 M/s, Max Resolution: 1920x1080
Category: 卫视频道, Name: 宁夏卫视, Total: 54, Valid: 6, Valid Percent: 11.11%, Whitelist: 0, IPv4: 6, IPv6: 48, Min Delay: 53 ms, Max Speed: 11.80 M/s, Avg Speed: 7.17 M/s, Max Resolution: 1920x1080
Category: 卫视频道, Name: 青海卫视, Total: 71, Valid: 7, Valid Percent: 9.86%, Whitelist: 0, IPv4: 7, IPv6: 64, Min Delay: 33 ms, Max Speed: 11.85 M/s, Avg Speed: 7.34 M/s, Max Resolution: 1920x1080
Category: 卫视频道, Name: 山东卫视, Total: 30, Valid: 7, Valid Percent: 23.33%, Whitelist: 0, IPv4: 7, IPv6: 23, Min Delay: 40 ms, Max Speed: 8.31 M/s, Avg Speed: 6.86 M/s, Max Resolution: 1920x1080
Category: 卫视频道, Name: 山西卫视, Total: 24, Valid: 6, Valid Percent: 25.00%, Whitelist: 0, IPv4: 6, IPv6: 18, Min Delay: 41 ms, Max Speed: 8.58 M/s, Avg Speed: 6.80 M/s, Max Resolution: 1920x1080
Category: 卫视频道, Name: 陕西卫视, Total: 68, Valid: 5, Valid Percent: 7.35%, Whitelist: 0, IPv4: 5, IPv6: 63, Min Delay: 118 ms, Max Speed: 9.94 M/s, Avg Speed: 7.97 M/s, Max Resolution: 1920x1080
Category: 卫视频道, Name: 四川卫视, Total: 29, Valid: 5, Valid Percent: 17.24%, Whitelist: 0, IPv4: 5, IPv6: 24, Min Delay: 127 ms, Max Speed: 7.89 M/s, Avg Speed: 7.33 M/s, Max Resolution: 1920x1080
Category: 卫视频道, Name: 深圳卫视, Total: 31, Valid: 6, Valid Percent: 19.35%, Whitelist: 0, IPv4: 6, IPv6: 25, Min Delay: 40 ms, Max Speed: 7.94 M/s, Avg Speed: 5.18 M/s, Max Resolution: 1920x1080
Category: 卫视频道, Name: 三沙卫视, Total: 55, Valid: 4, Valid Percent: 7.27%, Whitelist: 0, IPv4: 4, IPv6: 51, Min Delay: 128 ms, Max Speed: 7.38 M/s, Avg Speed: 7.04 M/s, Max Resolution: 1920x1080
Category: 卫视频道, Name: 天津卫视, Total: 29, Valid: 5, Valid Percent: 17.24%, Whitelist: 0, IPv4: 5, IPv6: 24, Min Delay: 124 ms, Max Speed: 12.48 M/s, Avg Speed: 8.38 M/s, Max Resolution: 1920x1080
Category: 卫视频道, Name: 西藏卫视, Total: 13, Valid: 4, Valid Percent: 30.77%, Whitelist: 0, IPv4: 4, IPv6: 9, Min Delay: 142 ms, Max Speed: 7.59 M/s, Avg Speed: 6.81 M/s, Max Resolution: 1920x1080
Category: 卫视频道, Name: 新疆卫视, Total: 24, Valid: 4, Valid Percent: 16.67%, Whitelist: 0, IPv4: 4, IPv6: 20, Min Delay: 49 ms, Max Speed: 7.80 M/s, Avg Speed: 6.16 M/s, Max Resolution: 1920x1080
Category: 卫视频道, Name: 云南卫视, Total: 24, Valid: 5, Valid Percent: 20.83%, Whitelist: 0, IPv4: 5, IPv6: 19, Min Delay: 49 ms, Max Speed: 11.58 M/s, Avg Speed: 7.23 M/s, Max Resolution: 1920x1080
Category: ☘️山东频道, Name: 山东少儿, Total: 10, Valid: 9, Valid Percent: 90.00%, Whitelist: 0, IPv4: 0, IPv6: 10, Min Delay: 0.1 ms, Max Speed: 0.00 M/s, Avg Speed: 0.00 M/s, Max Resolution: 1920x1080
Category: ☘️山东频道, Name: 山东新闻, Total: 9, Valid: 9, Valid Percent: 100.00%, Whitelist: 0, IPv4: 0, IPv6: 9, Min Delay: 0.1 ms, Max Speed: 0.00 M/s, Avg Speed: 0.00 M/s, Max Resolution: 1920x1080
Category: ☘️山东频道, Name: 山东教育, Total: 56, Valid: 5, Valid Percent: 8.93%, Whitelist: 0, IPv4: 2, IPv6: 54, Min Delay: 0.1 ms, Max Speed: 7.70 M/s, Avg Speed: 2.92 M/s, Max Resolution: 1920x1080
Category: ☘️山东频道, Name: 山东居家购物, Total: 1, Valid: 1, Valid Percent: 100.00%, Whitelist: 0, IPv4: 0, IPv6: 1, Min Delay: 0.1 ms, Max Speed: 0.00 M/s, Avg Speed: 0.00 M/s, Max Resolution: 1920x1080
Category: ☘️山东频道, Name: 山东农科, Total: 1, Valid: 1, Valid Percent: 100.00%, Whitelist: 0, IPv4: 0, IPv6: 1, Min Delay: 0.1 ms, Max Speed: 0.00 M/s, Avg Speed: 0.00 M/s, Max Resolution: 1920x1080
Category: ☘️山东频道, Name: 山东齐鲁, Total: 1, Valid: 1, Valid Percent: 100.00%, Whitelist: 0, IPv4: 0, IPv6: 1, Min Delay: 0.1 ms, Max Speed: 0.00 M/s, Avg Speed: 0.00 M/s, Max Resolution: 1920x1080
Category: ☘️山东频道, Name: 山东生活, Total: 2, Valid: 2, Valid Percent: 100.00%, Whitelist: 0, IPv4: 0, IPv6: 2, Min Delay: 0.1 ms, Max Speed: 0.00 M/s, Avg Speed: 0.00 M/s, Max Resolution: 1920x1080
Category: ☘️山东频道, Name: 山东体育, Total: 12, Valid: 10, Valid Percent: 83.33%, Whitelist: 0, IPv4: 0, IPv6: 12, Min Delay: 0.1 ms, Max Speed: 0.00 M/s, Avg Speed: 0.00 M/s, Max Resolution: 1920x1080
Category: ☘️山东频道, Name: 山东文旅, Total: 1, Valid: 0, Valid Percent: 0.00%, Whitelist: 0, IPv4: 1, IPv6: 0, Min Delay: 10027 ms, Max Speed: 0.00 M/s, Avg Speed: 0.00 M/s, Max Resolution: None
Category: ☘️山东频道, Name: 山东综艺, Total: 1, Valid: 1, Valid Percent: 100.00%, Whitelist: 0, IPv4: 0, IPv6: 1, Min Delay: 0.1 ms, Max Speed: 0.00 M/s, Avg Speed: 0.00 M/s, Max Resolution: 1920x1080
Category: ☘️山东频道, Name: 潍坊新闻综合, Total: 2, Valid: 2, Valid Percent: 100.00%, Whitelist: 0, IPv4: 0, IPv6: 2, Min Delay: 0.1 ms, Max Speed: 0.00 M/s, Avg Speed: 0.00 M/s, Max Resolution: 1920x1080
Category: ☘️山东频道, Name: 济南综合, Total: 3, Valid: 3, Valid Percent: 100.00%, Whitelist: 0, IPv4: 0, IPv6: 3, Min Delay: 0.1 ms, Max Speed: 0.00 M/s, Avg Speed: 0.00 M/s, Max Resolution: 1920x1080
Category: ☘️山东频道, Name: 济南新闻综合, Total: 3, Valid: 1, Valid Percent: 33.33%, Whitelist: 0, IPv4: 1, IPv6: 2, Min Delay: 0.1 ms, Max Speed: 0.00 M/s, Avg Speed: 0.00 M/s, Max Resolution: 1920x1080
Category: ☘️山东频道, Name: 济南教育, Total: 1, Valid: 1, Valid Percent: 100.00%, Whitelist: 0, IPv4: 0, IPv6: 1, Min Delay: 0.1 ms, Max Speed: 0.00 M/s, Avg Speed: 0.00 M/s, Max Resolution: 1920x1080
Category: ☘️山东频道, Name: 青州综合, Total: 1, Valid: 0, Valid Percent: 0.00%, Whitelist: 0, IPv4: 1, IPv6: 0, Min Delay: -1 ms, Max Speed: 0.00 M/s, Avg Speed: 0.00 M/s, Max Resolution: 720x576
Category: ☘️山东频道, Name: 东营综合, Total: 1, Valid: 0, Valid Percent: 0.00%, Whitelist: 0, IPv4: 1, IPv6: 0, Min Delay: 5553 ms, Max Speed: 0.00 M/s, Avg Speed: 0.00 M/s, Max Resolution: None
Category: ☘️山东频道, Name: 日照公共, Total: 1, Valid: 1, Valid Percent: 100.00%, Whitelist: 0, IPv4: 0, IPv6: 1, Min Delay: 0.1 ms, Max Speed: 0.00 M/s, Avg Speed: 0.00 M/s, Max Resolution: 1920x1080
Category: ☘️山东频道, Name: 日照新闻综合, Total: 1, Valid: 1, Valid Percent: 100.00%, Whitelist: 0, IPv4: 0, IPv6: 1, Min Delay: 0.1 ms, Max Speed: 0.00 M/s, Avg Speed: 0.00 M/s, Max Resolution: 1920x1080
Category: ☘️山东频道, Name: 日照科教, Total: 1, Valid: 1, Valid Percent: 100.00%, Whitelist: 0, IPv4: 0, IPv6: 1, Min Delay: 0.1 ms, Max Speed: 0.00 M/s, Avg Speed: 0.00 M/s, Max Resolution: 1920x1080
Category: 港澳台, Name: 翡翠台, Total: 166, Valid: 0, Valid Percent: 0.00%, Whitelist: 0, IPv4: 0, IPv6: 166, Min Delay: -1 ms, Max Speed: 0.00 M/s, Avg Speed: 0.00 M/s, Max Resolution: None
Category: 港澳台, Name: 明珠台, Total: 80, Valid: 0, Valid Percent: 0.00%, Whitelist: 0, IPv4: 0, IPv6: 80, Min Delay: -1 ms, Max Speed: 0.00 M/s, Avg Speed: 0.00 M/s, Max Resolution: None
Category: 港澳台, Name: 凤凰中文, Total: 122, Valid: 0, Valid Percent: 0.00%, Whitelist: 0, IPv4: 0, IPv6: 122, Min Delay: -1 ms, Max Speed: 0.00 M/s, Avg Speed: 0.00 M/s, Max Resolution: None
Category: 港澳台, Name: 凤凰资讯, Total: 125, Valid: 0, Valid Percent: 0.00%, Whitelist: 0, IPv4: 0, IPv6: 125, Min Delay: -1 ms, Max Speed: 0.00 M/s, Avg Speed: 0.00 M/s, Max Resolution: None
Category: 港澳台, Name: 凤凰香港, Total: 113, Valid: 0, Valid Percent: 0.00%, Whitelist: 0, IPv4: 0, IPv6: 113, Min Delay: -1 ms, Max Speed: 0.00 M/s, Avg Speed: 0.00 M/s, Max Resolution: None
Category: 港澳台, Name: 凤凰卫视, Total: 2, Valid: 0, Valid Percent: 0.00%, Whitelist: 0, IPv4: 0, IPv6: 2, Min Delay: -1 ms, Max Speed: 0.00 M/s, Avg Speed: 0.00 M/s, Max Resolution: None
Category: 港澳台, Name: TVBS亚洲, Total: 1, Valid: 0, Valid Percent: 0.00%, Whitelist: 0, IPv4: 0, IPv6: 1, Min Delay: -1 ms, Max Speed: 0.00 M/s, Avg Speed: 0.00 M/s, Max Resolution: None
Category: 港澳台, Name: 香港卫视, Total: 12, Valid: 0, Valid Percent: 0.00%, Whitelist: 0, IPv4: 0, IPv6: 12, Min Delay: -1 ms, Max Speed: 0.00 M/s, Avg Speed: 0.00 M/s, Max Resolution: None
Category: 港澳台, Name: 纬来体育, Total: 6, Valid: 0, Valid Percent: 0.00%, Whitelist: 0, IPv4: 0, IPv6: 6, Min Delay: -1 ms, Max Speed: 0.00 M/s, Avg Speed: 0.00 M/s, Max Resolution: None
Category: 港澳台, Name: 纬来育乐, Total: 12, Valid: 0, Valid Percent: 0.00%, Whitelist: 0, IPv4: 0, IPv6: 12, Min Delay: -1 ms, Max Speed: 0.00 M/s, Avg Speed: 0.00 M/s, Max Resolution: None
Category: 港澳台, Name: J2, Total: 2, Valid: 0, Valid Percent: 0.00%, Whitelist: 0, IPv4: 0, IPv6: 2, Min Delay: -1 ms, Max Speed: 0.00 M/s, Avg Speed: 0.00 M/s, Max Resolution: None
Category: 港澳台, Name: Viutv, Total: 2, Valid: 0, Valid Percent: 0.00%, Whitelist: 0, IPv4: 0, IPv6: 2, Min Delay: -1 ms, Max Speed: 0.00 M/s, Avg Speed: 0.00 M/s, Max Resolution: None
Category: 港澳台, Name: 三立台湾, Total: 1, Valid: 0, Valid Percent: 0.00%, Whitelist: 0, IPv4: 0, IPv6: 1, Min Delay: -1 ms, Max Speed: 0.00 M/s, Avg Speed: 0.00 M/s, Max Resolution: None
Category: 港澳台, Name: 三立新闻, Total: 9, Valid: 0, Valid Percent: 0.00%, Whitelist: 0, IPv4: 0, IPv6: 9, Min Delay: -1 ms, Max Speed: 0.00 M/s, Avg Speed: 0.00 M/s, Max Resolution: None
Category: 港澳台, Name: 东森综合, Total: 1, Valid: 0, Valid Percent: 0.00%, Whitelist: 0, IPv4: 0, IPv6: 1, Min Delay: -1 ms, Max Speed: 0.00 M/s, Avg Speed: 0.00 M/s, Max Resolution: None
Category: 港澳台, Name: 东森超视, Total: 11, Valid: 0, Valid Percent: 0.00%, Whitelist: 0, IPv4: 0, IPv6: 11, Min Delay: -1 ms, Max Speed: 0.00 M/s, Avg Speed: 0.00 M/s, Max Resolution: None
Category: 港澳台, Name: 东森电影, Total: 3, Valid: 0, Valid Percent: 0.00%, Whitelist: 0, IPv4: 0, IPv6: 3, Min Delay: -1 ms, Max Speed: 0.00 M/s, Avg Speed: 0.00 M/s, Max Resolution: None
Category: 港澳台, Name: Now剧集, Total: 1, Valid: 0, Valid Percent: 0.00%, Whitelist: 0, IPv4: 1, IPv6: 0, Min Delay: 334 ms, Max Speed: 0.00 M/s, Avg Speed: 0.00 M/s, Max Resolution: None
Category: 港澳台, Name: Now华剧, Total: 1, Valid: 1, Valid Percent: 100.00%, Whitelist: 0, IPv4: 1, IPv6: 0, Min Delay: 694 ms, Max Speed: 1.45 M/s, Avg Speed: 1.45 M/s, Max Resolution: 720x728
Category: 港澳台, Name: 靖天资讯, Total: 22, Valid: 0, Valid Percent: 0.00%, Whitelist: 0, IPv4: 0, IPv6: 22, Min Delay: -1 ms, Max Speed: 0.00 M/s, Avg Speed: 0.00 M/s, Max Resolution: None
Category: 电影频道, Name: CHC家庭影院, Total: 28, Valid: 2, Valid Percent: 7.14%, Whitelist: 0, IPv4: 2, IPv6: 26, Min Delay: 126 ms, Max Speed: 8.16 M/s, Avg Speed: 7.79 M/s, Max Resolution: 1920x1080
Category: 电影频道, Name: CHC动作电影, Total: 21, Valid: 2, Valid Percent: 9.52%, Whitelist: 0, IPv4: 2, IPv6: 19, Min Delay: 133 ms, Max Speed: 7.74 M/s, Avg Speed: 7.68 M/s, Max Resolution: 1920x1080
Category: 电影频道, Name: CHC高清电影, Total: 6, Valid: 3, Valid Percent: 50.00%, Whitelist: 0, IPv4: 6, IPv6: 0, Min Delay: 10005 ms, Max Speed: 0.86 M/s, Avg Speed: 0.41 M/s, Max Resolution: 1920x1080
Category: 电影频道, Name: 淘剧场, Total: 3, Valid: 0, Valid Percent: 0.00%, Whitelist: 0, IPv4: 0, IPv6: 3, Min Delay: -1 ms, Max Speed: 0.00 M/s, Avg Speed: 0.00 M/s, Max Resolution: None
Category: 电影频道, Name: 淘娱乐, Total: 3, Valid: 0, Valid Percent: 0.00%, Whitelist: 0, IPv4: 0, IPv6: 3, Min Delay: -1 ms, Max Speed: 0.00 M/s, Avg Speed: 0.00 M/s, Max Resolution: None
Category: 电影频道, Name: 淘电影, Total: 8, Valid: 0, Valid Percent: 0.00%, Whitelist: 0, IPv4: 0, IPv6: 8, Min Delay: -1 ms, Max Speed: 0.00 M/s, Avg Speed: 0.00 M/s, Max Resolution: None
Category: 电影频道, Name: NewTV惊悚悬疑, Total: 10, Valid: 0, Valid Percent: 0.00%, Whitelist: 0, IPv4: 0, IPv6: 10, Min Delay: -1 ms, Max Speed: 0.00 M/s, Avg Speed: 0.00 M/s, Max Resolution: None
Category: 电影频道, Name: NewTV动作电影, Total: 4, Valid: 0, Valid Percent: 0.00%, Whitelist: 0, IPv4: 0, IPv6: 4, Min Delay: -1 ms, Max Speed: 0.00 M/s, Avg Speed: 0.00 M/s, Max Resolution: None
Category: 电影频道, Name: 纬来电影, Total: 17, Valid: 0, Valid Percent: 0.00%, Whitelist: 0, IPv4: 0, IPv6: 17, Min Delay: -1 ms, Max Speed: 0.00 M/s, Avg Speed: 0.00 M/s, Max Resolution: None
Category: 电影频道, Name: 靖天映画, Total: 6, Valid: 0, Valid Percent: 0.00%, Whitelist: 0, IPv4: 0, IPv6: 6, Min Delay: -1 ms, Max Speed: 0.00 M/s, Avg Speed: 0.00 M/s, Max Resolution: None
Category: 电影频道, Name: 靖天戏剧, Total: 21, Valid: 0, Valid Percent: 0.00%, Whitelist: 0, IPv4: 0, IPv6: 21, Min Delay: -1 ms, Max Speed: 0.00 M/s, Avg Speed: 0.00 M/s, Max Resolution: None
Category: 电影频道, Name: 经典电影, Total: 7, Valid: 0, Valid Percent: 0.00%, Whitelist: 0, IPv4: 0, IPv6: 7, Min Delay: -1 ms, Max Speed: 0.00 M/s, Avg Speed: 0.00 M/s, Max Resolution: None
Category: 电影频道, Name: IPTV经典电影, Total: 1, Valid: 1, Valid Percent: 100.00%, Whitelist: 0, IPv4: 1, IPv6: 0, Min Delay: 148 ms, Max Speed: 3.50 M/s, Avg Speed: 3.50 M/s, Max Resolution: 1920x1080
Category: 电影频道, Name: 天映经典, Total: 23, Valid: 0, Valid Percent: 0.00%, Whitelist: 0, IPv4: 0, IPv6: 23, Min Delay: -1 ms, Max Speed: 0.00 M/s, Avg Speed: 0.00 M/s, Max Resolution: None
Category: 电影频道, Name: 无线星河, Total: 7, Valid: 0, Valid Percent: 0.00%, Whitelist: 0, IPv4: 0, IPv6: 7, Min Delay: -1 ms, Max Speed: 0.00 M/s, Avg Speed: 0.00 M/s, Max Resolution: None
Category: 电影频道, Name: 星空卫视, Total: 6, Valid: 0, Valid Percent: 0.00%, Whitelist: 0, IPv4: 0, IPv6: 6, Min Delay: -1 ms, Max Speed: 0.00 M/s, Avg Speed: 0.00 M/s, Max Resolution: None
Category: 电影频道, Name: 东森电影, Total: 3, Valid: 0, Valid Percent: 0.00%, Whitelist: 0, IPv4: 0, IPv6: 3, Min Delay: -1 ms, Max Speed: 0.00 M/s, Avg Speed: 0.00 M/s, Max Resolution: None
Category: 电影频道, Name: 龙祥电影, Total: 2, Valid: 0, Valid Percent: 0.00%, Whitelist: 0, IPv4: 0, IPv6: 2, Min Delay: -1 ms, Max Speed: 0.00 M/s, Avg Speed: 0.00 M/s, Max Resolution: None
Category: 电影频道, Name: 东森洋片, Total: 13, Valid: 0, Valid Percent: 0.00%, Whitelist: 0, IPv4: 0, IPv6: 13, Min Delay: -1 ms, Max Speed: 0.00 M/s, Avg Speed: 0.00 M/s, Max Resolution: None
Category: 电影频道, Name: 东森超视, Total: 11, Valid: 0, Valid Percent: 0.00%, Whitelist: 0, IPv4: 0, IPv6: 11, Min Delay: -1 ms, Max Speed: 0.00 M/s, Avg Speed: 0.00 M/s, Max Resolution: None
Category: 体育频道, Name: CCTV-5, Total: 129, Valid: 0, Valid Percent: 0.00%, Whitelist: 0, IPv4: 0, IPv6: 129, Min Delay: -1 ms, Max Speed: 0.00 M/s, Avg Speed: 0.00 M/s, Max Resolution: None
Category: 体育频道, Name: CCTV-5+, Total: 13, Valid: 0, Valid Percent: 0.00%, Whitelist: 0, IPv4: 0, IPv6: 13, Min Delay: -1 ms, Max Speed: 0.00 M/s, Avg Speed: 0.00 M/s, Max Resolution: None
Category: 体育频道, Name: 广东体育, Total: 122, Valid: 0, Valid Percent: 0.00%, Whitelist: 0, IPv4: 0, IPv6: 122, Min Delay: -1 ms, Max Speed: 0.00 M/s, Avg Speed: 0.00 M/s, Max Resolution: None
Category: 体育频道, Name: 纬来体育, Total: 6, Valid: 0, Valid Percent: 0.00%, Whitelist: 0, IPv4: 0, IPv6: 6, Min Delay: -1 ms, Max Speed: 0.00 M/s, Avg Speed: 0.00 M/s, Max Resolution: None
Category: 体育频道, Name: 五星体育, Total: 63, Valid: 0, Valid Percent: 0.00%, Whitelist: 0, IPv4: 0, IPv6: 63, Min Delay: -1 ms, Max Speed: 0.00 M/s, Avg Speed: 0.00 M/s, Max Resolution: None
Category: 体育频道, Name: 劲爆体育, Total: 6, Valid: 0, Valid Percent: 0.00%, Whitelist: 0, IPv4: 0, IPv6: 6, Min Delay: -1 ms, Max Speed: 0.00 M/s, Avg Speed: 0.00 M/s, Max Resolution: None
Category: 体育频道, Name: 爱体育, Total: 5, Valid: 0, Valid Percent: 0.00%, Whitelist: 0, IPv4: 0, IPv6: 5, Min Delay: -1 ms, Max Speed: 0.00 M/s, Avg Speed: 0.00 M/s, Max Resolution: None
Category: 体育频道, Name: 广州竞赛, Total: 13, Valid: 0, Valid Percent: 0.00%, Whitelist: 0, IPv4: 0, IPv6: 13, Min Delay: -1 ms, Max Speed: 0.00 M/s, Avg Speed: 0.00 M/s, Max Resolution: None
Category: 体育频道, Name: 辽宁体育, Total: 1, Valid: 1, Valid Percent: 100.00%, Whitelist: 0, IPv4: 1, IPv6: 0, Min Delay: 10252 ms, Max Speed: 0.00 M/s, Avg Speed: 0.00 M/s, Max Resolution: None
Category: 体育频道, Name: 山东体育, Total: 11, Valid: 0, Valid Percent: 0.00%, Whitelist: 0, IPv4: 0, IPv6: 11, Min Delay: -1 ms, Max Speed: 0.00 M/s, Avg Speed: 0.00 M/s, Max Resolution: None
Category: 体育频道, Name: 天津体育, Total: 3, Valid: 3, Valid Percent: 100.00%, Whitelist: 0, IPv4: 3, IPv6: 0, Min Delay: 238 ms, Max Speed: 9.57 M/s, Avg Speed: 3.22 M/s, Max Resolution: 1920x1080
Category: 体育频道, Name: 江苏体育, Total: 21, Valid: 0, Valid Percent: 0.00%, Whitelist: 0, IPv4: 0, IPv6: 21, Min Delay: -1 ms, Max Speed: 0.00 M/s, Avg Speed: 0.00 M/s, Max Resolution: None
Category: 体育频道, Name: 安徽综艺体育, Total: 5, Valid: 0, Valid Percent: 0.00%, Whitelist: 0, IPv4: 0, IPv6: 5, Min Delay: -1 ms, Max Speed: 0.00 M/s, Avg Speed: 0.00 M/s, Max Resolution: None
Category: 体育频道, Name: 睛彩篮球, Total: 3, Valid: 0, Valid Percent: 0.00%, Whitelist: 0, IPv4: 0, IPv6: 3, Min Delay: -1 ms, Max Speed: 0.00 M/s, Avg Speed: 0.00 M/s, Max Resolution: None
Category: 体育频道, Name: 睛彩广场舞, Total: 8, Valid: 0, Valid Percent: 0.00%, Whitelist: 0, IPv4: 0, IPv6: 8, Min Delay: -1 ms, Max Speed: 0.00 M/s, Avg Speed: 0.00 M/s, Max Resolution: None
Category: 体育频道, Name: 风云足球, Total: 4, Valid: 0, Valid Percent: 0.00%, Whitelist: 0, IPv4: 0, IPv6: 4, Min Delay: -1 ms, Max Speed: 0.00 M/s, Avg Speed: 0.00 M/s, Max Resolution: None
Category: 体育频道, Name: 魅力足球, Total: 10, Valid: 0, Valid Percent: 0.00%, Whitelist: 0, IPv4: 0, IPv6: 10, Min Delay: -1 ms, Max Speed: 0.00 M/s, Avg Speed: 0.00 M/s, Max Resolution: None
Category: 体育频道, Name: 天元围棋, Total: 1, Valid: 0, Valid Percent: 0.00%, Whitelist: 0, IPv4: 0, IPv6: 1, Min Delay: -1 ms, Max Speed: 0.00 M/s, Avg Speed: 0.00 M/s, Max Resolution: None
Category: 体育频道, Name: 快乐垂钓, Total: 38, Valid: 3, Valid Percent: 7.89%, Whitelist: 0, IPv4: 3, IPv6: 35, Min Delay: 127 ms, Max Speed: 8.06 M/s, Avg Speed: 5.33 M/s, Max Resolution: 1920x1080
Category: 体育频道, Name: JJ斗地主, Total: 1, Valid: 0, Valid Percent: 0.00%, Whitelist: 0, IPv4: 0, IPv6: 1, Min Delay: -1 ms, Max Speed: 0.00 M/s, Avg Speed: 0.00 M/s, Max Resolution: None
Category: 动画频道, Name: 少儿动画, Total: 10, Valid: 1, Valid Percent: 10.00%, Whitelist: 0, IPv4: 10, IPv6: 0, Min Delay: 10004 ms, Max Speed: 0.59 M/s, Avg Speed: 0.59 M/s, Max Resolution: 1920x1080
Category: 动画频道, Name: 动漫秀场, Total: 11, Valid: 0, Valid Percent: 0.00%, Whitelist: 0, IPv4: 0, IPv6: 11, Min Delay: -1 ms, Max Speed: 0.00 M/s, Avg Speed: 0.00 M/s, Max Resolution: None
Category: 动画频道, Name: 新动漫, Total: 48, Valid: 2, Valid Percent: 4.17%, Whitelist: 0, IPv4: 2, IPv6: 46, Min Delay: 127 ms, Max Speed: 7.86 M/s, Avg Speed: 7.75 M/s, Max Resolution: 1920x1080
Category: 动画频道, Name: 爱动漫, Total: 4, Valid: 0, Valid Percent: 0.00%, Whitelist: 0, IPv4: 0, IPv6: 4, Min Delay: -1 ms, Max Speed: 0.00 M/s, Avg Speed: 0.00 M/s, Max Resolution: None
Category: 动画频道, Name: CN卡通, Total: 2, Valid: 0, Valid Percent: 0.00%, Whitelist: 0, IPv4: 0, IPv6: 2, Min Delay: -1 ms, Max Speed: 0.00 M/s, Avg Speed: 0.00 M/s, Max Resolution: None
Category: 动画频道, Name: 优漫卡通, Total: 6, Valid: 0, Valid Percent: 0.00%, Whitelist: 0, IPv4: 0, IPv6: 6, Min Delay: -1 ms, Max Speed: 0.00 M/s, Avg Speed: 0.00 M/s, Max Resolution: None
Category: 动画频道, Name: 金鹰卡通, Total: 11, Valid: 0, Valid Percent: 0.00%, Whitelist: 0, IPv4: 0, IPv6: 11, Min Delay: -1 ms, Max Speed: 0.00 M/s, Avg Speed: 0.00 M/s, Max Resolution: None
Category: 动画频道, Name: 24H国漫热播, Total: 1, Valid: 1, Valid Percent: 100.00%, Whitelist: 0, IPv4: 1, IPv6: 0, Min Delay: 109 ms, Max Speed: 3.96 M/s, Avg Speed: 3.96 M/s, Max Resolution: 1920x1080
Category: 动画频道, Name: 浙江少儿, Total: 5, Valid: 0, Valid Percent: 0.00%, Whitelist: 0, IPv4: 0, IPv6: 5, Min Delay: -1 ms, Max Speed: 0.00 M/s, Avg Speed: 0.00 M/s, Max Resolution: None
Category: 动画频道, Name: 河北少儿科教, Total: 11, Valid: 1, Valid Percent: 9.09%, Whitelist: 0, IPv4: 1, IPv6: 10, Min Delay: 384 ms, Max Speed: 0.02 M/s, Avg Speed: 0.02 M/s, Max Resolution: None
Category: 动画频道, Name: 七龙珠, Total: 1, Valid: 0, Valid Percent: 0.00%, Whitelist: 0, IPv4: 0, IPv6: 1, Min Delay: -1 ms, Max Speed: 0.00 M/s, Avg Speed: 0.00 M/s, Max Resolution: None
Category: 动画频道, Name: 火影忍者, Total: 1, Valid: 0, Valid Percent: 0.00%, Whitelist: 0, IPv4: 0, IPv6: 1, Min Delay: -1 ms, Max Speed: 0.00 M/s, Avg Speed: 0.00 M/s, Max Resolution: None
Category: 动画频道, Name: 海绵宝宝, Total: 1, Valid: 0, Valid Percent: 0.00%, Whitelist: 0, IPv4: 0, IPv6: 1, Min Delay: -1 ms, Max Speed: 0.00 M/s, Avg Speed: 0.00 M/s, Max Resolution: None
Category: 动画频道, Name: 中华小当家, Total: 2, Valid: 0, Valid Percent: 0.00%, Whitelist: 0, IPv4: 0, IPv6: 2, Min Delay: -1 ms, Max Speed: 0.00 M/s, Avg Speed: 0.00 M/s, Max Resolution: None
Category: 动画频道, Name: 猫和老鼠, Total: 2, Valid: 0, Valid Percent: 0.00%, Whitelist: 0, IPv4: 0, IPv6: 2, Min Delay: -1 ms, Max Speed: 0.00 M/s, Avg Speed: 0.00 M/s, Max Resolution: None
Category: 动画频道, Name: 经典动漫, Total: 2, Valid: 2, Valid Percent: 100.00%, Whitelist: 0, IPv4: 2, IPv6: 0, Min Delay: 117 ms, Max Speed: 4.21 M/s, Avg Speed: 4.09 M/s, Max Resolution: 1920x1080
Category: 动画频道, Name: 漫画解说, Total: 2, Valid: 0, Valid Percent: 0.00%, Whitelist: 0, IPv4: 0, IPv6: 2, Min Delay: -1 ms, Max Speed: 0.00 M/s, Avg Speed: 0.00 M/s, Max Resolution: None
Category: 游戏频道, Name: 游戏风云, Total: 7, Valid: 0, Valid Percent: 0.00%, Whitelist: 0, IPv4: 0, IPv6: 7, Min Delay: -1 ms, Max Speed: 0.00 M/s, Avg Speed: 0.00 M/s, Max Resolution: None
Category: 游戏频道, Name: 爱电竞, Total: 1, Valid: 0, Valid Percent: 0.00%, Whitelist: 0, IPv4: 0, IPv6: 1, Min Delay: -1 ms, Max Speed: 0.00 M/s, Avg Speed: 0.00 M/s, Max Resolution: None
Category: 音乐频道, Name: CCTV-15, Total: 69, Valid: 0, Valid Percent: 0.00%, Whitelist: 0, IPv4: 0, IPv6: 69, Min Delay: -1 ms, Max Speed: 0.00 M/s, Avg Speed: 0.00 M/s, Max Resolution: None
Category: 音乐频道, Name: 风云音乐, Total: 2, Valid: 0, Valid Percent: 0.00%, Whitelist: 0, IPv4: 0, IPv6: 2, Min Delay: -1 ms, Max Speed: 0.00 M/s, Avg Speed: 0.00 M/s, Max Resolution: None
Category: 音乐频道, Name: 音乐现场, Total: 2, Valid: 2, Valid Percent: 100.00%, Whitelist: 0, IPv4: 2, IPv6: 0, Min Delay: 41 ms, Max Speed: 2.21 M/s, Avg Speed: 2.18 M/s, Max Resolution: None
Category: 音乐频道, Name: 音乐广播, Total: 52, Valid: 0, Valid Percent: 0.00%, Whitelist: 0, IPv4: 0, IPv6: 52, Min Delay: -1 ms, Max Speed: 0.00 M/s, Avg Speed: 0.00 M/s, Max Resolution: None
Category: 经典剧场, Name: 笑傲江湖, Total: 3, Valid: 1, Valid Percent: 33.33%, Whitelist: 0, IPv4: 1, IPv6: 2, Min Delay: 139 ms, Max Speed: 3.78 M/s, Avg Speed: 3.78 M/s, Max Resolution: 1920x1080
Category: 经典剧场, Name: 天龙八部, Total: 2, Valid: 0, Valid Percent: 0.00%, Whitelist: 0, IPv4: 0, IPv6: 2, Min Delay: -1 ms, Max Speed: 0.00 M/s, Avg Speed: 0.00 M/s, Max Resolution: None
Category: 经典剧场, Name: 鹿鼎记, Total: 1, Valid: 1, Valid Percent: 100.00%, Whitelist: 0, IPv4: 1, IPv6: 0, Min Delay: 111 ms, Max Speed: 3.93 M/s, Avg Speed: 3.93 M/s, Max Resolution: 1920x1080
Category: 经典剧场, Name: 仙剑奇侠传, Total: 1, Valid: 1, Valid Percent: 100.00%, Whitelist: 0, IPv4: 1, IPv6: 0, Min Delay: 115 ms, Max Speed: 4.15 M/s, Avg Speed: 4.15 M/s, Max Resolution: 1920x1080
Category: 经典剧场, Name: 西游记, Total: 3, Valid: 0, Valid Percent: 0.00%, Whitelist: 0, IPv4: 0, IPv6: 3, Min Delay: -1 ms, Max Speed: 0.00 M/s, Avg Speed: 0.00 M/s, Max Resolution: None
Category: 经典剧场, Name: 三国演义, Total: 1, Valid: 0, Valid Percent: 0.00%, Whitelist: 0, IPv4: 0, IPv6: 1, Min Delay: -1 ms, Max Speed: 0.00 M/s, Avg Speed: 0.00 M/s, Max Resolution: None
Category: 经典剧场, Name: 水浒传, Total: 1, Valid: 0, Valid Percent: 0.00%, Whitelist: 0, IPv4: 0, IPv6: 1, Min Delay: -1 ms, Max Speed: 0.00 M/s, Avg Speed: 0.00 M/s, Max Resolution: None
Category: 经典剧场, Name: 新白娘子传奇, Total: 2, Valid: 0, Valid Percent: 0.00%, Whitelist: 0, IPv4: 0, IPv6: 2, Min Delay: -1 ms, Max Speed: 0.00 M/s, Avg Speed: 0.00 M/s, Max Resolution: None
Category: 经典剧场, Name: 济公游记, Total: 1, Valid: 1, Valid Percent: 100.00%, Whitelist: 0, IPv4: 1, IPv6: 0, Min Delay: 120 ms, Max Speed: 3.96 M/s, Avg Speed: 3.96 M/s, Max Resolution: 1920x1080
Category: 经典剧场, Name: 封神榜, Total: 2, Valid: 1, Valid Percent: 50.00%, Whitelist: 0, IPv4: 1, IPv6: 1, Min Delay: 107 ms, Max Speed: 3.97 M/s, Avg Speed: 3.97 M/s, Max Resolution: 1920x1080
Category: 经典剧场, Name: 闯关东, Total: 1, Valid: 1, Valid Percent: 100.00%, Whitelist: 0, IPv4: 1, IPv6: 0, Min Delay: 125 ms, Max Speed: 3.79 M/s, Avg Speed: 3.79 M/s, Max Resolution: 1920x1080
Category: 经典剧场, Name: 上海滩, Total: 1, Valid: 1, Valid Percent: 100.00%, Whitelist: 0, IPv4: 1, IPv6: 0, Min Delay: 102 ms, Max Speed: 3.99 M/s, Avg Speed: 3.99 M/s, Max Resolution: 1920x1080
